=== MCL final private-closure MSVC gates
=== date 2026-09-12T15:01:56Z
=== host <workstation>  user <builder>


=== MSVC /W4 /WX, all eight repositories ===
root: <repo-root>

-- mcl-core
   OK

-- mcl-wire
   OK

-- mcl-link
   OK

-- mcl-sdk
   OK

-- mcl-ap
   OK

-- mcl-ip
   OK

-- mcl-ble
   OK

-- mcl-uwb
   OK

=== SUMMARY ===
test targets run: 44
MSVC GATES PASSED

This is one half. Run local-gates.sh for GCC, Clang, ASan/UBSan,
the ARM and RISC-V freestanding cross-compiles and the C++ header
compiles. Neither run alone is "the gates".

=== msvc gates exit 0
