=== MCL final private-closure POSIX rehearsal
=== date   2026-09-12T13:48:57Z
=== user   <builder> uid=1000
=== tmpdir <user-home>/.mcl-final-tmp (private, empty at start)
=== gcc    gcc (Ubuntu 13.3.0-6ubuntu2~24.04.1) 13.3.0
=== clang  Ubuntu clang version 18.1.3 (1ubuntu1)

=== MCL release rehearsal ===
root: <repo-root>

-- the eight repositories are at their release commits
   mcl-core  7a0a459
   mcl-wire  6a83901
   mcl-link  861cc73
   mcl-sdk   d1c5f1c
   mcl-ap    9ee25d6
   mcl-ip    17f2cc1
   mcl-ble   7db9a72
   mcl-uwb   5d96c22

local gates (GCC/Clang/sanitizers/cross)   PASS
test harnesses cannot run a stale binary   PASS
Row 35 sealed physical receipt             PASS
C4 cross-implementation                    PASS
C5 profile interoperability                PASS
BLE probe verdict regressions              PASS
installable package + external consumer    PASS
public API surface                         PASS
registry governance                        PASS
specification index                        PASS
specification maturity                     PASS
AP-BOOTSTRAP-1 vectors, both receivers     PASS
feature traceability                       PASS
deployment profiles                        PASS
reference deployment: document vs SDK      PASS
base deployment: document vs SDK           PASS
evidence digests                           PASS
clean-checkout adoption path               PASS
provenance and licensing                   PASS
go/no-go audit                             PASS
publication readiness                      PASS
release bundle reconstruction              PASS

=== SUMMARY ===
22 passed

REHEARSAL PASSED

WHAT THIS DOES NOT COVER:
  - MSVC. Run mcl-core/tools/local-gates-msvc.ps1 on the Windows side.
    A claim of 'all compilers' needs both halves.
  - Hardware. No experiment runs here. The E3/E4 evidence stands on the
    rigs its READMEs name and is not re-measured by a software pass.
  - Independent review. EVERY CHECK HERE WAS WRITTEN BY THIS PROJECT,
    including the one that checks the others. Passing them all says
    the tree is self-consistent, not that it is right.
    v1.0.0 does not claim that two organisations have interoperated,
    that anyone outside this project has implemented these
    specifications, or that anyone outside has reviewed them.
    V1_SCOPE.md section 5.9. Public external review is required
    before the Stable v1.0.0 tag; later external implementation
    reports may inform v1.1.

=== rehearsal exit 0
